// Jest Snapshot v1, https://goo.gl/fbAQLP

exports[`it should render Login component 1`] = `
<div
  className="box-layout"
>
  <div
    className="box-layout__box"
  >
    <h1
      className="layout__title"
    >
      Expensify
    </h1>
    <p>
      It's time to get your expenses in order!
    </p>
    <button
      className="button"
      onClick={[Function]}
    >
      Login with Google
    </button>
  </div>
</div>
`;
